2026-08-19 05:03:03 UTC | INFO     | ============================================================
2026-08-19 05:03:03 UTC | INFO     | NIGHTSHADE SEED ENGINE STARTING
2026-08-19 05:03:03 UTC | INFO     | Symbol: EURUSD | Risk: 1.5% | RR: 1.5
2026-08-19 05:03:03 UTC | INFO     | ============================================================
2026-08-19 05:03:03 UTC | CRITICAL | MT5 terminal has trading disabled. Enable Expert Advisors in MT5 Tools > Options > Expert Advisors.
2026-08-19 05:03:03 UTC | CRITICAL | Cannot start. Fix MT5 connection and restart.
2026-08-19 05:06:47 UTC | INFO     | ============================================================
2026-08-19 05:06:47 UTC | INFO     | NIGHTSHADE SEED ENGINE STARTING
2026-08-19 05:06:47 UTC | INFO     | Symbol: EURUSD | Risk: 1.5% | RR: 1.5
2026-08-19 05:06:47 UTC | INFO     | ============================================================
2026-08-19 05:06:47 UTC | CRITICAL | MT5 terminal has trading disabled. Enable Expert Advisors in MT5 Tools > Options > Expert Advisors.
2026-08-19 05:06:47 UTC | CRITICAL | Cannot start. Fix MT5 connection and restart.
2026-08-19 05:07:04 UTC | INFO     | ============================================================
2026-08-19 05:07:04 UTC | INFO     | NIGHTSHADE SEED ENGINE STARTING
2026-08-19 05:07:04 UTC | INFO     | Symbol: EURUSD | Risk: 1.5% | RR: 1.5
2026-08-19 05:07:04 UTC | INFO     | ============================================================
2026-08-19 05:07:04 UTC | CRITICAL | MT5 terminal has trading disabled. Enable Expert Advisors in MT5 Tools > Options > Expert Advisors.
2026-08-19 05:07:04 UTC | CRITICAL | Cannot start. Fix MT5 connection and restart.
2026-08-19 05:10:29 UTC | INFO     | ============================================================
2026-08-19 05:10:29 UTC | INFO     | NIGHTSHADE SEED ENGINE STARTING
2026-08-19 05:10:29 UTC | INFO     | Symbol: EURUSD | Risk: 1.5% | RR: 1.5
2026-08-19 05:10:29 UTC | INFO     | ============================================================
2026-08-19 05:10:29 UTC | CRITICAL | MT5 terminal has trading disabled. Enable Expert Advisors in MT5 Tools > Options > Expert Advisors.
2026-08-19 05:10:29 UTC | CRITICAL | Cannot start. Fix MT5 connection and restart.
2026-08-19 05:11:57 UTC | INFO     | ============================================================
2026-08-19 05:11:57 UTC | INFO     | NIGHTSHADE SEED ENGINE STARTING
2026-08-19 05:11:57 UTC | INFO     | Symbol: EURUSD | Risk: 1.5% | RR: 1.5
2026-08-19 05:11:57 UTC | INFO     | ============================================================
2026-08-19 05:11:57 UTC | CRITICAL | MT5 terminal has trading disabled. Enable Expert Advisors in MT5 Tools > Options > Expert Advisors.
2026-08-19 05:11:57 UTC | CRITICAL | Cannot start. Fix MT5 connection and restart.
2026-08-19 05:12:27 UTC | INFO     | ============================================================
2026-08-19 05:12:27 UTC | INFO     | NIGHTSHADE SEED ENGINE STARTING
2026-08-19 05:12:27 UTC | INFO     | Symbol: EURUSD | Risk: 1.5% | RR: 1.5
2026-08-19 05:12:27 UTC | INFO     | ============================================================
2026-08-19 05:12:27 UTC | CRITICAL | MT5 terminal has trading disabled. Enable Expert Advisors in MT5 Tools > Options > Expert Advisors.
2026-08-19 05:12:27 UTC | CRITICAL | Cannot start. Fix MT5 connection and restart.
2026-08-19 05:14:13 UTC | INFO     | ============================================================
2026-08-19 05:14:13 UTC | INFO     | NIGHTSHADE SEED ENGINE STARTING
2026-08-19 05:14:13 UTC | INFO     | Symbol: EURUSD | Risk: 1.5% | RR: 1.5
2026-08-19 05:14:13 UTC | INFO     | ============================================================
2026-08-19 05:14:13 UTC | CRITICAL | MT5 terminal has trading disabled. Enable Expert Advisors in MT5 Tools > Options > Expert Advisors.
2026-08-19 05:14:13 UTC | CRITICAL | Cannot start. Fix MT5 connection and restart.
2026-08-19 05:17:14 UTC | INFO     | ============================================================
2026-08-19 05:17:14 UTC | INFO     | NIGHTSHADE SEED ENGINE STARTING
2026-08-19 05:17:14 UTC | INFO     | Symbol: EURUSD | Risk: 1.5% | RR: 1.5
2026-08-19 05:17:14 UTC | INFO     | ============================================================
2026-08-19 05:17:14 UTC | CRITICAL | MT5 terminal has trading disabled. Enable Expert Advisors in MT5 Tools > Options > Expert Advisors.
2026-08-19 05:17:14 UTC | CRITICAL | Cannot start. Fix MT5 connection and restart.
2026-08-19 05:17:46 UTC | INFO     | ============================================================
2026-08-19 05:17:46 UTC | INFO     | NIGHTSHADE SEED ENGINE STARTING
2026-08-19 05:17:46 UTC | INFO     | Symbol: EURUSD | Risk: 1.5% | RR: 1.5
2026-08-19 05:17:46 UTC | INFO     | ============================================================
2026-08-19 05:17:46 UTC | CRITICAL | MT5 terminal has trading disabled. Enable Expert Advisors in MT5 Tools > Options > Expert Advisors.
2026-08-19 05:17:46 UTC | CRITICAL | Cannot start. Fix MT5 connection and restart.
2026-08-19 05:17:56 UTC | INFO     | ============================================================
2026-08-19 05:17:56 UTC | INFO     | NIGHTSHADE SEED ENGINE STARTING
2026-08-19 05:17:56 UTC | INFO     | Symbol: EURUSD | Risk: 1.5% | RR: 1.5
2026-08-19 05:17:56 UTC | INFO     | ============================================================
2026-08-19 05:17:56 UTC | CRITICAL | MT5 terminal has trading disabled. Enable Expert Advisors in MT5 Tools > Options > Expert Advisors.
2026-08-19 05:17:56 UTC | CRITICAL | Cannot start. Fix MT5 connection and restart.
2026-08-19 05:18:07 UTC | INFO     | ============================================================
2026-08-19 05:18:07 UTC | INFO     | NIGHTSHADE SEED ENGINE STARTING
2026-08-19 05:18:07 UTC | INFO     | Symbol: EURUSD | Risk: 1.5% | RR: 1.5
2026-08-19 05:18:07 UTC | INFO     | ============================================================
2026-08-19 05:18:07 UTC | CRITICAL | MT5 terminal has trading disabled. Enable Expert Advisors in MT5 Tools > Options > Expert Advisors.
2026-08-19 05:18:07 UTC | CRITICAL | Cannot start. Fix MT5 connection and restart.
2026-08-20 07:52:58 UTC | INFO     | ============================================================
2026-08-20 07:52:58 UTC | INFO     | NIGHTSHADE SEED ENGINE STARTING
2026-08-20 07:52:58 UTC | INFO     | Symbol: EURUSD | Risk: 1.5% | RR: 1.5
2026-08-20 07:52:58 UTC | INFO     | ============================================================
2026-08-20 07:52:58 UTC | CRITICAL | MT5 terminal has trading disabled. Enable Expert Advisors in MT5 Tools > Options > Expert Advisors.
2026-08-20 07:52:58 UTC | CRITICAL | Cannot start. Fix MT5 connection and restart.
2026-08-20 07:53:22 UTC | INFO     | ============================================================
2026-08-20 07:53:22 UTC | INFO     | NIGHTSHADE SEED ENGINE STARTING
2026-08-20 07:53:22 UTC | INFO     | Symbol: EURUSD | Risk: 1.5% | RR: 1.5
2026-08-20 07:53:22 UTC | INFO     | ============================================================
2026-08-20 07:53:22 UTC | CRITICAL | MT5 terminal has trading disabled. Enable Expert Advisors in MT5 Tools > Options > Expert Advisors.
2026-08-20 07:53:22 UTC | CRITICAL | Cannot start. Fix MT5 connection and restart.
2026-08-24 05:06:42Z [INFO] ============================================================
2026-08-24 05:06:42Z [INFO] NIGHTSHADE SEED ENGINE v1 — STARTING
2026-08-24 05:06:42Z [INFO] ============================================================
2026-08-24 05:06:42Z [INFO] Connected to DEMO account 53013532 on ICMarketsSC-Demo.
2026-08-24 05:06:42Z [INFO] MT5 startup checks passed. Terminal connected, AutoTrading allowed, all symbols available.
2026-08-24 05:06:42Z [ERROR] Unhandled exception in main loop. Shutting down.
Traceback (most recent call last):
  File "c:\Users\Tithi\Downloads\main.py", line 595, in main
    risk.reconcile_state_from_history(MAGIC_NUMBER)
    ^^^^^^^^^^^^^^^^^^^^^^^^^^^^^^^^^
AttributeError: module 'risk' has no attribute 'reconcile_state_from_history'
2026-08-24 05:06:42Z [INFO] MT5 shutdown complete. Nightshade stopped.
