2026-09-08 22:15:39,122 [INFO] nightshade: Nightshade starting...
2026-09-08 22:15:39,147 [INFO] nightshade: Connected to ICMarketsSC-Demo, login 53022965
2026-09-08 22:31:23,100 [INFO] nightshade: Shutting down...
2026-09-08 22:31:23,104 [INFO] nightshade: MT5 closed
2026-09-08 22:31:25,625 [INFO] nightshade: Nightshade starting...
2026-09-08 22:31:25,653 [INFO] nightshade: Connected to ICMarketsSC-Demo, login 53022965
2026-09-08 22:31:31,818 [INFO] nightshade: Shutting down...
2026-09-08 22:31:31,818 [INFO] nightshade: MT5 closed
2026-09-08 22:31:32,748 [INFO] nightshade: Nightshade starting...
2026-09-08 22:31:32,765 [INFO] nightshade: Connected to ICMarketsSC-Demo, login 53022965
2026-09-08 22:33:33,140 [INFO] nightshade: Shutting down...
2026-09-08 22:33:33,142 [INFO] nightshade: MT5 closed
2026-09-08 22:33:59,436 [INFO] nightshade: Nightshade starting...
2026-09-08 22:33:59,459 [INFO] nightshade: Connected to ICMarketsSC-Demo, login 53022965
2026-09-08 22:34:41,815 [INFO] nightshade: Shutting down...
2026-09-08 22:34:41,822 [INFO] nightshade: MT5 closed
2026-09-08 22:34:42,596 [INFO] nightshade: Nightshade starting...
2026-09-08 22:34:42,612 [INFO] nightshade: Connected to ICMarketsSC-Demo, login 53022965
2026-09-08 22:34:42,634 [INFO] nightshade: --- M15 Candle Scan ---
2026-09-08 22:34:42,660 [INFO] nightshade: No candidates found this M15 cycle.
2026-09-08 22:34:42,660 [INFO] nightshade: Heartbeat #1 | Trades: 0/5 | Streak: 0/3 | Open positions: 0 | Next M15 scan at: 2026-09-08 17:00:00
2026-09-08 22:35:00,829 [INFO] nightshade: Shutting down...
2026-09-08 22:35:00,829 [INFO] nightshade: MT5 closed
